<tr>
    <td headers="timestamp">{{ .Time }}</td>
    <td headers="guess">#1: 1919</td>
    <td headers="result">0a4b</td>
</tr>
