
    <div id="form-container" class="form-container" data-digit="9">
        <h1>
            Number of Digits: <span style="color: darkorange">9</span>
        </h1>
        <h2>
            Range: [<span style="color: green">000000000</span>,
            <span style="color: slateblue">999999999</span>]
        </h2>

        <button
            id="submit-btn"
            class="submit-btn"
            hx-get="/check"
            hx-target="#table tbody"
            hx-vals='{"id": "0"}'
        >
            let's go!
        </button>

        <table id="table" class="table">
            <thead>
                <tr>
                    <th id="timestamp">TimeStamp</th>
                    <th id="guess">Your Guess</th>
                    <th id="result">Result</th>
                </tr>
            </thead>
            <tbody id="tbody"></tbody>
        </table>

        <button 
            id="return-btn"
            hx-get="/return" 
            hx-trigger="return" 
            hx-target="#form-container" 
            hx-swap="outerHTML"
            style="display: none"
        >
        </button>
    </div>
